<?xml version="1.0" encoding="UTF-8"?>
<testsuites>
    <testsuite name="actions-requiring-login;login-is-required-to-process-orders" tests="8" failures="0" skipped="0">
        <properties>
            <property name="@item" value="true">
            </property>
            <property name="URI" value="features\amazon-login-required.feature">
            </property>
        </properties>
        <testcase name="Given I go to Amazon home" classname="actions-requiring-login;login-is-required-to-process-orders" time="1.689">
        </testcase>
        <testcase name="And I search for &quot;patinete&quot;" classname="actions-requiring-login;login-is-required-to-process-orders" time="2.01">
        </testcase>
        <testcase name="And I accept cookies policies" classname="actions-requiring-login;login-is-required-to-process-orders" time="0.223">
        </testcase>
        <testcase name="And I open a random result" classname="actions-requiring-login;login-is-required-to-process-orders" time="2.798">
        </testcase>
        <testcase name="Given I add the current item to the cart" classname="actions-requiring-login;login-is-required-to-process-orders" time="0.17">
        </testcase>
        <testcase name="When I open the cart page" classname="actions-requiring-login;login-is-required-to-process-orders" time="5.62">
        </testcase>
        <testcase name="And I process the current order" classname="actions-requiring-login;login-is-required-to-process-orders" time="0.833">
        </testcase>
        <testcase name="Then I should be redirected to the Signin page" classname="actions-requiring-login;login-is-required-to-process-orders" time="0.009">
        </testcase>
    </testsuite>
    <testsuite name="actions-requiring-login;login-is-required-to-buy-now-products" tests="6" failures="0" skipped="0">
        <properties>
            <property name="@item" value="true">
            </property>
            <property name="URI" value="features\amazon-login-required.feature">
            </property>
        </properties>
        <testcase name="Given I go to Amazon home" classname="actions-requiring-login;login-is-required-to-buy-now-products" time="1.52">
        </testcase>
        <testcase name="And I search for &quot;patinete&quot;" classname="actions-requiring-login;login-is-required-to-buy-now-products" time="3.028">
        </testcase>
        <testcase name="And I accept cookies policies" classname="actions-requiring-login;login-is-required-to-buy-now-products" time="0.367">
        </testcase>
        <testcase name="And I open a random result" classname="actions-requiring-login;login-is-required-to-buy-now-products" time="3.145">
        </testcase>
        <testcase name="When I buy now the current item" classname="actions-requiring-login;login-is-required-to-buy-now-products" time="0.355">
        </testcase>
        <testcase name="Then I should be redirected to the Signin page" classname="actions-requiring-login;login-is-required-to-buy-now-products" time="0.861">
        </testcase>
    </testsuite>
    <testsuite name="actions-requiring-login;login-is-required-to-add-items-to-wishlist" tests="6" failures="0" skipped="0">
        <properties>
            <property name="@wish" value="true">
            </property>
            <property name="URI" value="features\amazon-login-required.feature">
            </property>
        </properties>
        <testcase name="Given I go to Amazon home" classname="actions-requiring-login;login-is-required-to-add-items-to-wishlist" time="1.344">
        </testcase>
        <testcase name="And I search for &quot;patinete&quot;" classname="actions-requiring-login;login-is-required-to-add-items-to-wishlist" time="2.583">
        </testcase>
        <testcase name="And I accept cookies policies" classname="actions-requiring-login;login-is-required-to-add-items-to-wishlist" time="0.465">
        </testcase>
        <testcase name="And I open a random result" classname="actions-requiring-login;login-is-required-to-add-items-to-wishlist" time="2.728">
        </testcase>
        <testcase name="When I add the current item to the wishlist" classname="actions-requiring-login;login-is-required-to-add-items-to-wishlist" time="0.468">
        </testcase>
        <testcase name="Then I should be redirected to the Signin page" classname="actions-requiring-login;login-is-required-to-add-items-to-wishlist" time="0.011">
        </testcase>
    </testsuite>
    <testsuite name="search-and-results-functionalities;search-with-results-multi" tests="6" failures="1" skipped="0">
        <properties>
            <property name="@searchRes" value="true">
            </property>
            <property name="URI" value="features\amazon-search-items.feature">
            </property>
        </properties>
        <testcase name="Given I go to Amazon home" classname="search-and-results-functionalities;search-with-results-multi" time="1.313">
        </testcase>
        <testcase name="And I search for &quot;Samsung&quot;" classname="search-and-results-functionalities;search-with-results-multi" time="2.74">
        </testcase>
        <testcase name="And I accept cookies policies" classname="search-and-results-functionalities;search-with-results-multi" time="0.462">
        </testcase>
        <testcase name="Then I should be redirected to the Results page" classname="search-and-results-functionalities;search-with-results-multi" time="0.034">
        </testcase>
        <testcase name="And result header should contain &quot;Samsung&quot;" classname="search-and-results-functionalities;search-with-results-multi" time="0.065">
        </testcase>
        <testcase name="And any result title should contain &quot;Samsung&quot;" classname="search-and-results-functionalities;search-with-results-multi" time="10.026">
            <failure message="Error: function timed out, ensure the promise resolves within 10000 milliseconds">Error: function timed out, ensure the promise resolves within 10000 milliseconds
    at Timeout._onTimeout (C:\users\djichi\desktop\testing\selenium\e2e\node_modules\@cucumber\cucumber\lib\user_code_runner.js:63:28)
    at listOnTimeout (internal/timers.js:554:17)
    at processTimers (internal/timers.js:497:7)</failure>
        </testcase>
    </testsuite>
    <testsuite name="search-and-results-functionalities;search-with-results-multi" tests="6" failures="1" skipped="0">
        <properties>
            <property name="@searchRes" value="true">
            </property>
            <property name="URI" value="features\amazon-search-items.feature">
            </property>
        </properties>
        <testcase name="Given I go to Amazon home" classname="search-and-results-functionalities;search-with-results-multi" time="1.942">
        </testcase>
        <testcase name="And I search for &quot;moto&quot;" classname="search-and-results-functionalities;search-with-results-multi" time="2.05">
        </testcase>
        <testcase name="And I accept cookies policies" classname="search-and-results-functionalities;search-with-results-multi" time="0.268">
        </testcase>
        <testcase name="Then I should be redirected to the Results page" classname="search-and-results-functionalities;search-with-results-multi" time="0.041">
        </testcase>
        <testcase name="And result header should contain &quot;moto&quot;" classname="search-and-results-functionalities;search-with-results-multi" time="0.03">
        </testcase>
        <testcase name="And any result title should contain &quot;moto&quot;" classname="search-and-results-functionalities;search-with-results-multi" time="10.009">
            <failure message="Error: function timed out, ensure the promise resolves within 10000 milliseconds">Error: function timed out, ensure the promise resolves within 10000 milliseconds
    at Timeout._onTimeout (C:\users\djichi\desktop\testing\selenium\e2e\node_modules\@cucumber\cucumber\lib\user_code_runner.js:63:28)
    at listOnTimeout (internal/timers.js:554:17)
    at processTimers (internal/timers.js:497:7)</failure>
        </testcase>
    </testsuite>
    <testsuite name="search-and-results-functionalities;search-with-results-multi" tests="5" failures="0" skipped="0">
        <properties>
            <property name="URI" value="features\amazon-search-items.feature">
            </property>
        </properties>
        <testcase name="Given I go to Amazon home" classname="search-and-results-functionalities;search-with-results-multi" time="1.224">
        </testcase>
        <testcase name="And I search for &quot;jgffxxwwzz&quot;" classname="search-and-results-functionalities;search-with-results-multi" time="1.449">
        </testcase>
        <testcase name="And I accept cookies policies" classname="search-and-results-functionalities;search-with-results-multi" time="0.125">
        </testcase>
        <testcase name="Then I should be redirected to the Results page" classname="search-and-results-functionalities;search-with-results-multi" time="0.007">
        </testcase>
        <testcase name="And no results header should be shown" classname="search-and-results-functionalities;search-with-results-multi" time="0.009">
        </testcase>
    </testsuite>
    <testsuite name="search-and-results-functionalities;sort-results-by-price-ascendant" tests="6" failures="0" skipped="0">
        <properties>
            <property name="@debug" value="true">
            </property>
            <property name="URI" value="features\amazon-search-items.feature">
            </property>
        </properties>
        <testcase name="Given I go to Amazon home" classname="search-and-results-functionalities;sort-results-by-price-ascendant" time="1.169">
        </testcase>
        <testcase name="And I search for &quot;coche&quot;" classname="search-and-results-functionalities;sort-results-by-price-ascendant" time="2.34">
        </testcase>
        <testcase name="And I accept cookies policies" classname="search-and-results-functionalities;sort-results-by-price-ascendant" time="0.266">
        </testcase>
        <testcase name="When I sort results by price asc" classname="search-and-results-functionalities;sort-results-by-price-ascendant" time="0.658">
        </testcase>
        <testcase name="Then I should be redirected to the Results page" classname="search-and-results-functionalities;sort-results-by-price-ascendant" time="0.009">
        </testcase>
        <testcase name="And any result should have a price lower than next one" classname="search-and-results-functionalities;sort-results-by-price-ascendant" time="0.737">
        </testcase>
    </testsuite>
    <testsuite name="search-and-results-functionalities;sort-results-by-price-ascendant" tests="6" failures="0" skipped="0">
        <properties>
            <property name="@debug" value="true">
            </property>
            <property name="URI" value="features\amazon-search-items.feature">
            </property>
        </properties>
        <testcase name="Given I go to Amazon home" classname="search-and-results-functionalities;sort-results-by-price-ascendant" time="1.172">
        </testcase>
        <testcase name="And I search for &quot;patin&quot;" classname="search-and-results-functionalities;sort-results-by-price-ascendant" time="2.777">
        </testcase>
        <testcase name="And I accept cookies policies" classname="search-and-results-functionalities;sort-results-by-price-ascendant" time="0.404">
        </testcase>
        <testcase name="When I sort results by price asc" classname="search-and-results-functionalities;sort-results-by-price-ascendant" time="0.488">
        </testcase>
        <testcase name="Then I should be redirected to the Results page" classname="search-and-results-functionalities;sort-results-by-price-ascendant" time="0.012">
        </testcase>
        <testcase name="And any result should have a price lower than next one" classname="search-and-results-functionalities;sort-results-by-price-ascendant" time="0.919">
        </testcase>
    </testsuite>
</testsuites>